<?xml version="1.0" encoding="utf-8"?><testsuites name="pytest tests"><testsuite name="pytest" errors="0" failures="0" skipped="0" tests="0" time="0.015" timestamp="2026-06-26T18:36:53.246826+02:00" hostname="DESKTOP-76BU284" /></testsuites>